    a = self.d[obj]
        ~~~~~~^^^^^
KeyError: 'kuec'

During handling of the above exception, another exception occurred:

Traceback (most recent call last):
  File "/usr/lib/python3/dist-packages/odoo/tools/convert.py", line 590, in _tag_root
    f(rec)
  File "/usr/lib/python3/dist-packages/odoo/tools/convert.py", line 444, in _tag_record
    record = model._load_records([data], self.mode == 'update')
             ^^^^^^^^^^^^^^^^^^^^^^^^^^^^^^^^^^^^^^^^^^^^^^^^^^
  File "/usr/lib/python3/dist-packages/odoo/models.py", line 5526, in _load_records
    records = self._load_records_create([data['values'] for data in to_create])
              ^^^^^^^^^^^^^^^^^^^^^^^^^^^^^^^^^^^^^^^^^^^^^^^^^^^^^^^^^^^^^^^^^
  File "/usr/lib/python3/dist-packages/odoo/models.py", line 5430, in _load_records_create
    records = self.create(vals_list)
              ^^^^^^^^^^^^^^^^^^^^^^
  File "<decorator-gen-16>", line 2, in create
  File "/usr/lib/python3/dist-packages/odoo/api.py", line 498, in _model_create_multi
    return create(self, arg)
           ^^^^^^^^^^^^^^^^^
  File "/usr/lib/python3/dist-packages/odoo/addons/base/models/ir_cron.py", line 105, in create
    return super().create(vals_list)
           ^^^^^^^^^^^^^^^^^^^^^^^^^
  File "<decorator-gen-0>", line 2, in create
  File "/usr/lib/python3/dist-packages/odoo/api.py", line 498, in _model_create_multi
    return create(self, arg)
           ^^^^^^^^^^^^^^^^^
  File "/usr/lib/python3/dist-packages/odoo/models.py", line 5000, in create
    raise ValueError("Invalid field %r on model %r" % (key, self._name))
ValueError: Invalid field 'numbercall' on model 'ir.cron'

The above exception was the direct cause of the following exception:

Traceback (most recent call last):
  File "/usr/lib/python3/dist-packages/odoo/http.py", line 2576, in __call__
    response = request._serve_db()
               ^^^^^^^^^^^^^^^^^^^
  File "/usr/lib/python3/dist-packages/odoo/http.py", line 2080, in _serve_db
    self.registry, cr_readwrite = self._open_registry()
                                  ^^^^^^^^^^^^^^^^^^^^^
  File "/usr/lib/python3/dist-packages/odoo/http.py", line 1690, in _open_registry
    registry = Registry(self.db)
               ^^^^^^^^^^^^^^^^^
  File "/usr/lib/python3/dist-packages/odoo/modules/registry.py", line 108, in __new__
    return cls.new(db_name)
           ^^^^^^^^^^^^^^^^
  File "/usr/lib/python3/dist-packages/decorator.py", line 232, in fun
    return caller(func, *(extras + args), **kw)
           ^^^^^^^^^^^^^^^^^^^^^^^^^^^^^^^^^^^^
  File "/usr/lib/python3/dist-packages/odoo/tools/func.py", line 97, in locked
    return func(inst, *args, **kwargs)
           ^^^^^^^^^^^^^^^^^^^^^^^^^^^
  File "/usr/lib/python3/dist-packages/odoo/modules/registry.py", line 129, in new
    odoo.modules.load_modules(registry, force_demo, status, update_module)
  File "/usr/lib/python3/dist-packages/odoo/modules/loading.py", line 485, in load_modules
    processed_modules += load_marked_modules(env, graph,
                         ^^^^^^^^^^^^^^^^^^^^^^^^^^^^^^^
  File "/usr/lib/python3/dist-packages/odoo/modules/loading.py", line 365, in load_marked_modules
    loaded, processed = load_module_graph(
                        ^^^^^^^^^^^^^^^^^^
  File "/usr/lib/python3/dist-packages/odoo/modules/loading.py", line 228, in load_module_graph
    load_data(env, idref, mode, kind='data', package=package)
  File "/usr/lib/python3/dist-packages/odoo/modules/loading.py", line 72, in load_data
    tools.convert_file(env, package.name, filename, idref, mode, noupdate, kind)
  File "/usr/lib/python3/dist-packages/odoo/tools/convert.py", line 662, in convert_file
    convert_xml_import(env, module, fp, idref, mode, noupdate)
  File "/usr/lib/python3/dist-packages/odoo/tools/convert.py", line 733, in convert_xml_import
    obj.parse(doc.getroot())
  File "/usr/lib/python3/dist-packages/odoo/tools/convert.py", line 648, in parse
    self._tag_root(de)
  File "/usr/lib/python3/dist-packages/odoo/tools/convert.py", line 590, in _tag_root
    f(rec)
  File "/usr/lib/python3/dist-packages/odoo/tools/convert.py", line 603, in _tag_root
    raise ParseError('while parsing %s:%s, somewhere inside\n%s' % (
odoo.tools.convert.ParseError: while parsing /mnt/extra-addons/kuec_service_catalogue/data/ir_cron_data.xml:4, somewhere inside
<record id="ir_cron_kuec_subscription_expiry" model="ir.cron">
            <field name="name">Wink: Subscription Expiry Check</field>
            <field name="model_id" ref="sale.model_sale_order"/>
            <field name="state">code</field>
            <field name="code">model._cron_send_expiry_reminders()</field>
            <field name="interval_number">1</field>
            <field name="interval_type">days</field>
            <field name="numbercall">-1</field>
            <field name="active" eval="True"/>
        </record>
2026-02-20 20:54:05,331 1 INFO ? werkzeug: 172.21.0.1 - - [20/Feb/2026 20:54:05] "GET /websocket?version=18.0-7 HTTP/1.1" 500 - 297 0.193 0.820
2026-02-20 20:55:06,226 1 INFO ? odoo.modules.loading: loading 1 modules... 
2026-02-20 20:55:06,233 1 INFO ? odoo.modules.loading: 1 modules loaded in 0.01s, 0 queries (+0 extra) 
2026-02-20 20:55:06,245 1 INFO ? odoo.modules.loading: loading 118 modules... 
2026-02-20 20:55:06,307 1 INFO ? odoo.modules.loading: Loading module kuec_service_catalogue (113/118) 
2026-02-20 20:55:06,696 1 INFO ? odoo.modules.registry: module kuec_service_catalogue: creating or updating database tables 
2026-02-20 20:55:07,122 1 INFO ? odoo.modules.loading: loading kuec_service_catalogue/security/ir.model.access.csv 
2026-02-20 20:55:07,202 1 INFO ? odoo.modules.loading: loading kuec_service_catalogue/data/kuec_classification_data.xml 
2026-02-20 20:55:07,220 1 INFO ? odoo.modules.loading: loading kuec_service_catalogue/data/kuec_eligibility_rule_data.xml 
2026-02-20 20:55:07,236 1 INFO ? odoo.modules.loading: loading kuec_service_catalogue/data/mail_template_data.xml 
2026-02-20 20:55:07,271 1 INFO ? odoo.modules.loading: loading kuec_service_catalogue/data/ir_cron_data.xml 
2026-02-20 20:55:07,282 1 WARNING ? odoo.modules.loading: Transient module states were reset 
2026-02-20 20:55:07,283 1 ERROR ? odoo.modules.registry: Failed to load registry 
2026-02-20 20:55:07,283 1 ERROR ? odoo.http: Exception during request handling. 
Traceback (most recent call last):
  File "/usr/lib/python3/dist-packages/odoo/modules/registry.py", line 106, in __new__
    return cls.registries[db_name]
           ~~~~~~~~~~~~~~^^^^^^^^^
  File "/usr/lib/python3/dist-packages/decorator.py", line 232, in fun
    return caller(func, *(extras + args), **kw)
           ^^^^^^^^^^^^^^^^^^^^^^^^^^^^^^^^^^^^
  File "/usr/lib/python3/dist-packages/odoo/tools/func.py", line 97, in locked
    return func(inst, *args, **kwargs)
           ^^^^^^^^^^^^^^^^^^^^^^^^^^^
  File "/usr/lib/python3/dist-packages/odoo/tools/lru.py", line 33, in __getitem__
    a = self.d[obj]
        ~~~~~~^^^^^
KeyError: 'kuec'

During handling of the above exception, another exception occurred:

Traceback (most recent call last):
  File "/usr/lib/python3/dist-packages/odoo/tools/convert.py", line 590, in _tag_root
    f(rec)
  File "/usr/lib/python3/dist-packages/odoo/tools/convert.py", line 444, in _tag_record
    record = model._load_records([data], self.mode == 'update')
             ^^^^^^^^^^^^^^^^^^^^^^^^^^^^^^^^^^^^^^^^^^^^^^^^^^
  File "/usr/lib/python3/dist-packages/odoo/models.py", line 5526, in _load_records
    records = self._load_records_create([data['values'] for data in to_create])
              ^^^^^^^^^^^^^^^^^^^^^^^^^^^^^^^^^^^^^^^^^^^^^^^^^^^^^^^^^^^^^^^^^
  File "/usr/lib/python3/dist-packages/odoo/models.py", line 5430, in _load_records_create
    records = self.create(vals_list)
              ^^^^^^^^^^^^^^^^^^^^^^
  File "<decorator-gen-16>", line 2, in create
  File "/usr/lib/python3/dist-packages/odoo/api.py", line 498, in _model_create_multi
    return create(self, arg)
           ^^^^^^^^^^^^^^^^^
  File "/usr/lib/python3/dist-packages/odoo/addons/base/models/ir_cron.py", line 105, in create
    return super().create(vals_list)
           ^^^^^^^^^^^^^^^^^^^^^^^^^
  File "<decorator-gen-0>", line 2, in create
  File "/usr/lib/python3/dist-packages/odoo/api.py", line 498, in _model_create_multi
    return create(self, arg)
           ^^^^^^^^^^^^^^^^^
  File "/usr/lib/python3/dist-packages/odoo/models.py", line 5000, in create
    raise ValueError("Invalid field %r on model %r" % (key, self._name))
ValueError: Invalid field 'numbercall' on model 'ir.cron'

The above exception was the direct cause of the following exception:

Traceback (most recent call last):
  File "/usr/lib/python3/dist-packages/odoo/http.py", line 2576, in __call__
    response = request._serve_db()
               ^^^^^^^^^^^^^^^^^^^
  File "/usr/lib/python3/dist-packages/odoo/http.py", line 2080, in _serve_db
    self.registry, cr_readwrite = self._open_registry()
                                  ^^^^^^^^^^^^^^^^^^^^^
  File "/usr/lib/python3/dist-packages/odoo/http.py", line 1690, in _open_registry
    registry = Registry(self.db)
               ^^^^^^^^^^^^^^^^^
  File "/usr/lib/python3/dist-packages/odoo/modules/registry.py", line 108, in __new__
    return cls.new(db_name)
           ^^^^^^^^^^^^^^^^
  File "/usr/lib/python3/dist-packages/decorator.py", line 232, in fun
    return caller(func, *(extras + args), **kw)
           ^^^^^^^^^^^^^^^^^^^^^^^^^^^^^^^^^^^^
  File "/usr/lib/python3/dist-packages/odoo/tools/func.py", line 97, in locked
    return func(inst, *args, **kwargs)
           ^^^^^^^^^^^^^^^^^^^^^^^^^^^
  File "/usr/lib/python3/dist-packages/odoo/modules/registry.py", line 129, in new
    odoo.modules.load_modules(registry, force_demo, status, update_module)
  File "/usr/lib/python3/dist-packages/odoo/modules/loading.py", line 485, in load_modules
    processed_modules += load_marked_modules(env, graph,
                         ^^^^^^^^^^^^^^^^^^^^^^^^^^^^^^^
  File "/usr/lib/python3/dist-packages/odoo/modules/loading.py", line 365, in load_marked_modules
    loaded, processed = load_module_graph(
                        ^^^^^^^^^^^^^^^^^^
  File "/usr/lib/python3/dist-packages/odoo/modules/loading.py", line 228, in load_module_graph
    load_data(env, idref, mode, kind='data', package=package)
  File "/usr/lib/python3/dist-packages/odoo/modules/loading.py", line 72, in load_data
    tools.convert_file(env, package.name, filename, idref, mode, noupdate, kind)
  File "/usr/lib/python3/dist-packages/odoo/tools/convert.py", line 662, in convert_file
    convert_xml_import(env, module, fp, idref, mode, noupdate)
  File "/usr/lib/python3/dist-packages/odoo/tools/convert.py", line 733, in convert_xml_import
    obj.parse(doc.getroot())
  File "/usr/lib/python3/dist-packages/odoo/tools/convert.py", line 648, in parse
    self._tag_root(de)
  File "/usr/lib/python3/dist-packages/odoo/tools/convert.py", line 590, in _tag_root
    f(rec)
  File "/usr/lib/python3/dist-packages/odoo/tools/convert.py", line 603, in _tag_root
    raise ParseError('while parsing %s:%s, somewhere inside\n%s' % (
odoo.tools.convert.ParseError: while parsing /mnt/extra-addons/kuec_service_catalogue/data/ir_cron_data.xml:4, somewhere inside
<record id="ir_cron_kuec_subscription_expiry" model="ir.cron">
            <field name="name">Wink: Subscription Expiry Check</field>
            <field name="model_id" ref="sale.model_sale_order"/>
            <field name="state">code</field>
            <field name="code">model._cron_send_expiry_reminders()</field>
            <field name="interval_number">1</field>
            <field name="interval_type">days</field>
            <field name="numbercall">-1</field>
            <field name="active" eval="True"/>
        </record>
2026-02-20 20:55:07,286 1 INFO ? werkzeug: 172.21.0.1 - - [20/Feb/2026 20:55:07] "GET /websocket?version=18.0-7 HTTP/1.1" 500 - 297 0.182 0.886
